[2026-07-01 14:07:56]
  type    : quarter
  project : PEM
  label   : Q2 2026
  input   : 22,089
  output  : 257
  cache_read  : 0
  cache_write : 0
[2026-07-01 14:07:58]
  type    : sprint
  project : PEM
  label   : PE Sprint 42 - v1.8
  input   : 413
  output  : 169
  cache_read  : 0
  cache_write : 0
[2026-07-02 17:00:28]
  type    : quarter
  project : DLK
  label   : Q2 2026
  input   : 41,144
  output  : 162
  cache_read  : 0
  cache_write : 0
[2026-07-06 11:56:13]
  type    : quarter
  project : DLK
  label   : Q2 2026
  input   : 42,482
  output  : 1,092
  cache_read  : 0
  cache_write : 1,369
[2026-07-06 11:56:16]
  type    : sprint
  project : DLK
  label   : DLK Sprint 94
  input   : 432
  output  : 181
  cache_read  : 0
  cache_write : 0
[2026-07-06 11:56:19]
  type    : sprint
  project : DLK
  label   : DLK Sprint 95
  input   : 432
  output  : 178
  cache_read  : 0
  cache_write : 0
[2026-07-06 11:56:22]
  type    : sprint
  project : DLK
  label   : DLK Sprint 96
  input   : 432
  output  : 188
  cache_read  : 0
  cache_write : 0
[2026-07-06 11:56:25]
  type    : sprint
  project : DLK
  label   : DLK Sprint 97
  input   : 432
  output  : 183
  cache_read  : 0
  cache_write : 0
[2026-07-06 11:56:28]
  type    : sprint
  project : DLK
  label   : DLK Sprint 98
  input   : 432
  output  : 165
  cache_read  : 0
  cache_write : 0
[2026-07-06 11:56:31]
  type    : sprint
  project : DLK
  label   : DLK Sprint 99
  input   : 432
  output  : 204
  cache_read  : 0
  cache_write : 0
[2026-07-06 11:56:34]
  type    : sprint
  project : DLK
  label   : DLK Sprint 100
  input   : 432
  output  : 191
  cache_read  : 0
  cache_write : 0
[2026-07-06 11:56:54]
  type    : quarter
  project : DLK
  label   : Q3 2026
  input   : 3,504
  output  : 632
  cache_read  : 1,369
  cache_write : 0
[2026-07-06 11:56:56]
  type    : sprint
  project : DLK
  label   : DLK Sprint 101
  input   : 430
  output  : 183
  cache_read  : 0
  cache_write : 0
[2026-07-06 11:57:31]
  type    : quarter
  project : NDA
  label   : Q2 2026
  input   : 7,544
  output  : 587
  cache_read  : 0
  cache_write : 1,391
[2026-07-06 11:57:34]
  type    : sprint
  project : NDA
  label   : NDA Sprint 27
  input   : 453
  output  : 172
  cache_read  : 0
  cache_write : 0
[2026-07-06 11:57:37]
  type    : sprint
  project : NDA
  label   : NDA Sprint 28
  input   : 453
  output  : 201
  cache_read  : 0
  cache_write : 0
[2026-07-06 11:57:39]
  type    : sprint
  project : NDA
  label   : NDA Sprint 29
  input   : 453
  output  : 160
  cache_read  : 0
  cache_write : 0
[2026-07-06 11:57:42]
  type    : sprint
  project : NDA
  label   : NDA Sprint 30
  input   : 453
  output  : 146
  cache_read  : 0
  cache_write : 0
[2026-07-06 11:57:44]
  type    : sprint
  project : NDA
  label   : NDA Sprint 31
  input   : 453
  output  : 152
  cache_read  : 0
  cache_write : 0
[2026-07-06 11:57:48]
  type    : sprint
  project : NDA
  label   : NDA Sprint 32
  input   : 453
  output  : 160
  cache_read  : 0
  cache_write : 0
[2026-07-06 11:57:50]
  type    : sprint
  project : NDA
  label   : NDA Sprint 33
  input   : 453
  output  : 141
  cache_read  : 0
  cache_write : 0
[2026-07-06 11:58:07]
  type    : quarter
  project : NDA
  label   : Q3 2026
  input   : 1,055
  output  : 505
  cache_read  : 1,391
  cache_write : 0
[2026-07-06 11:58:10]
  type    : sprint
  project : NDA
  label   : NDA Sprint 34
  input   : 453
  output  : 156
  cache_read  : 0
  cache_write : 0
[2026-07-06 11:58:47]
  type    : quarter
  project : PEM
  label   : Q2 2026
  input   : 20,322
  output  : 487
  cache_read  : 0
  cache_write : 1,229
[2026-07-06 11:58:51]
  type    : sprint
  project : PEM
  label   : PE Sprint 38
  input   : 407
  output  : 148
  cache_read  : 0
  cache_write : 0
[2026-07-06 11:58:54]
  type    : sprint
  project : PEM
  label   : PE Sprint 39
  input   : 407
  output  : 206
  cache_read  : 0
  cache_write : 0
[2026-07-06 11:58:59]
  type    : sprint
  project : PEM
  label   : PE Sprint 40
  input   : 407
  output  : 204
  cache_read  : 0
  cache_write : 0
[2026-07-06 11:59:02]
  type    : sprint
  project : PEM
  label   : PE Sprint 41
  input   : 407
  output  : 170
  cache_read  : 0
  cache_write : 0
[2026-07-06 11:59:05]
  type    : sprint
  project : PEM
  label   : PE Sprint 42 - v1.8
  input   : 413
  output  : 166
  cache_read  : 0
  cache_write : 0
[2026-07-13 17:00:20]
  type    : quarter
  project : NDA
  label   : Q3 2026
  input   : 1,790
  output  : 208
  cache_read  : 0
  cache_write : 0
[2026-07-14 11:31:30]
  type    : quarter
  project : DLK
  label   : Q3 2026
  input   : 7,280
  output  : 675
  cache_read  : 0
  cache_write : 1,369
[2026-07-14 11:31:39]
  type    : sprint
  project : DLK
  label   : DLK Sprint 101
  input   : 432
  output  : 183
  cache_read  : 0
  cache_write : 0
[2026-07-14 11:32:00]
  type    : quarter
  project : NDA
  label   : Q3 2026
  input   : 1,242
  output  : 608
  cache_read  : 0
  cache_write : 1,391
[2026-07-14 11:32:03]
  type    : sprint
  project : NDA
  label   : NDA Sprint 34
  input   : 453
  output  : 158
  cache_read  : 0
  cache_write : 0
[2026-07-14 11:32:42]
  type    : quarter
  project : PEM
  label   : Q2 2026
  input   : 20,527
  output  : 560
  cache_read  : 0
  cache_write : 1,229
[2026-07-14 11:32:46]
  type    : sprint
  project : PEM
  label   : PE Sprint 38
  input   : 407
  output  : 143
  cache_read  : 0
  cache_write : 0
[2026-07-14 11:32:49]
  type    : sprint
  project : PEM
  label   : PE Sprint 39
  input   : 407
  output  : 231
  cache_read  : 0
  cache_write : 0
[2026-07-14 11:32:52]
  type    : sprint
  project : PEM
  label   : PE Sprint 40
  input   : 407
  output  : 167
  cache_read  : 0
  cache_write : 0
[2026-07-14 11:32:55]
  type    : sprint
  project : PEM
  label   : PE Sprint 41
  input   : 407
  output  : 164
  cache_read  : 0
  cache_write : 0
[2026-07-14 11:32:58]
  type    : sprint
  project : PEM
  label   : PE Sprint 42 - v1.8
  input   : 413
  output  : 194
  cache_read  : 0
  cache_write : 0
[2026-07-14 12:03:12]
  type    : quarter
  project : DLK
  label   : Q3 2026
  input   : 7,637
  output  : 104
  cache_read  : 0
  cache_write : 0
[2026-07-14 12:03:15]
  type    : sprint
  project : DLK
  label   : DLK Sprint 101
  input   : 432
  output  : 183
  cache_read  : 0
  cache_write : 0
[2026-07-20 17:00:16]
  type    : sprint
  project : DLK
  label   : DLK Sprint 102
  input   : 432
  output  : 240
  cache_read  : 0
  cache_write : 0
[2026-07-21 17:00:22]
  type    : sprint
  project : NDA
  label   : NDA Sprint 35
  input   : 451
  output  : 153
  cache_read  : 0
  cache_write : 0
[2026-07-22 17:00:22]
  type    : quarter
  project : DLK
  label   : Q3 2026
  input   : 13,061
  output  : 174
  cache_read  : 0
  cache_write : 0
